src/components/ui/ImageModal.tsx(94,26): error TS2353: Object literal may only specify known properties, and 'WebkitUserDrag' does not exist in type 'Properties<string | number, string & {}>'.
src/constants/index.tsx(93,5): error TS2820: Type '"Lecheria"' is not assignable to type 'City'. Did you mean '"Lecher├¡a"'?
src/constants/index.tsx(151,5): error TS2820: Type '"Lecheria"' is not assignable to type 'City'. Did you mean '"Lecher├¡a"'?
src/features/auth/components/ProfileSettings.tsx(49,20): error TS2345: Argument of type 'string | string[]' is not assignable to parameter of type 'SetStateAction<string[]>'.
  Type 'string' is not assignable to type 'SetStateAction<string[]>'.
src/features/auth/components/ProfileSettings.tsx(101,7): error TS2322: Type 'string[]' is not assignable to type 'string'.
src/features/auth/components/UserProfileSetup.tsx(207,63): error TS2339: Property 'seconds' does not exist on type 'string | number | Date | FieldValue | { seconds: number; nanoseconds: number; }'.
  Property 'seconds' does not exist on type 'string'.
src/features/auth/components/UserProfileSetup.tsx(208,51): error TS2339: Property 'seconds' does not exist on type 'string | number | Date | FieldValue | { seconds: number; nanoseconds: number; }'.
  Property 'seconds' does not exist on type 'string'.
src/features/auth/components/UserProfileSetup.tsx(211,47): error TS2769: No overload matches this call.
  Overload 1 of 4, '(value: string | number | Date): Date', gave the following error.
    Argument of type 'string | number | Date | FieldValue | { seconds: number; nanoseconds: number; }' is not assignable to parameter of type 'string | number | Date'.
      Type 'FieldValue' is not assignable to type 'string | number | Date'.
  Overload 2 of 4, '(value: string | number): Date', gave the following error.
    Argument of type 'string | number | Date | FieldValue | { seconds: number; nanoseconds: number; }' is not assignable to parameter of type 'string | number'.
      Type 'Date' is not assignable to type 'string | number'.
src/features/bookings/components/checkout/CheckoutPage.tsx(157,22): error TS2345: Argument of type '{ listingId: string; startDate: string; endDate: string; guests: number; totalAmount: number; financials: CommissionBreakdown; status: "PENDING_PAYMENT"; isDraft: true; }' is not assignable to parameter of type 'SetStateAction<Booking>'.
  Type '{ listingId: string; startDate: string; endDate: string; guests: number; totalAmount: number; financials: CommissionBreakdown; status: "PENDING_PAYMENT"; isDraft: true; }' is missing the following properties from type 'Booking': id, listingTitle, guestId, guestName, and 4 more.
src/features/bookings/components/checkout/CheckoutPage.tsx(188,24): error TS2345: Argument of type '{ id: string; }' is not assignable to parameter of type 'SetStateAction<Booking>'.
  Type '{ id: string; }' is missing the following properties from type 'Booking': listingId, listingTitle, guestId, guestName, and 9 more.
src/features/bookings/components/checkout/CheckoutPage.tsx(322,47): error TS2339: Property 'commissionTier' does not exist on type 'CommissionBreakdown'.
src/features/bookings/components/checkout/CheckoutPage.tsx(392,18): error TS2345: Argument of type '{ isDraft: false; listingId: string; listingTitle: string; guestId: string; guestName: string; ownerId: string; startDate: string; endDate: string; totalAmount: number; financials: CommissionBreakdown; ... 7 more ...; id: string; }' is not assignable to parameter of type 'SetStateAction<Booking>'.
  Type '{ isDraft: false; listingId: string; listingTitle: string; guestId: string; guestName: string; ownerId: string; startDate: string; endDate: string; totalAmount: number; financials: CommissionBreakdown; ... 7 more ...; id: string; }' is not assignable to type 'Booking'.
    Types of property 'statusHistory' are incompatible.
      Type '{ status: string; timestamp: string; actorId: string; actorName: string; note: string; }[]' is not assignable to type '{ status: BookingStatus; timestamp: string | Date | FieldValue; actorId: string; actorName: string; note?: string; }[]'.
        Type '{ status: string; timestamp: string; actorId: string; actorName: string; note: string; }' is not assignable to type '{ status: BookingStatus; timestamp: string | Date | FieldValue; actorId: string; actorName: string; note?: string; }'.
          Types of property 'status' are incompatible.
            Type 'string' is not assignable to type 'BookingStatus'.
src/features/bookings/components/MyTrips.tsx(282,45): error TS2322: Type 'string | Date | FieldValue' is not assignable to type 'string | Date | { toDate?: () => Date; }'.
  Type 'FieldValue' is not assignable to type 'string | Date | { toDate?: () => Date; }'.
